[     112ms] [ERROR] Failed to load resource: net::ERR_BLOCKED_BY_RESPONSE.NotSameOrigin @ https://charts2.finviz.com/chart.ashx?t=MSFT&ty=c&ta=1&p=d&s=l:0
[     112ms] [ERROR] Failed to load resource: net::ERR_BLOCKED_BY_RESPONSE.NotSameOrigin @ https://charts2.finviz.com/chart.ashx?t=AVGO&ty=c&ta=1&p=d&s=l:0
[     140ms] [ERROR] Failed to load resource: net::ERR_BLOCKED_BY_RESPONSE.NotSameOrigin @ https://charts2.finviz.com/chart.ashx?t=SMH&ty=c&ta=1&p=d&s=l:0
[     140ms] [ERROR] Failed to load resource: net::ERR_BLOCKED_BY_RESPONSE.NotSameOrigin @ https://charts2.finviz.com/chart.ashx?t=NVDA&ty=c&ta=1&p=d&s=l:0
[     140ms] [ERROR] Failed to load resource: net::ERR_BLOCKED_BY_RESPONSE.NotSameOrigin @ https://charts2.finviz.com/chart.ashx?t=JPM&ty=c&ta=1&p=d&s=l:0
[     140ms] [ERROR] Failed to load resource: net::ERR_BLOCKED_BY_RESPONSE.NotSameOrigin @ https://charts2.finviz.com/chart.ashx?t=AMD&ty=c&ta=1&p=d&s=l:0
[     177ms] [ERROR] Failed to load resource: net::ERR_BLOCKED_BY_RESPONSE.NotSameOrigin @ https://charts2.finviz.com/chart.ashx?t=MSFT&ty=c&ta=1&p=d&s=l:0
[     177ms] [ERROR] Failed to load resource: net::ERR_BLOCKED_BY_RESPONSE.NotSameOrigin @ https://charts2.finviz.com/chart.ashx?t=SMH&ty=c&ta=1&p=d&s=l:0
[     384ms] [LOG] [LiveEngine] Initializing with 4 tickers: AVGO, SMH, NVDA, JPM @ http://localhost:8787/assets/live-engine.js?v=1776520326341:510
[   13286ms] [ERROR] Failed to load resource: net::ERR_BLOCKED_BY_RESPONSE.NotSameOrigin @ https://charts2.finviz.com/chart.ashx?t=MSFT&ty=c&ta=1&p=d&s=l:0
[   13287ms] [ERROR] Failed to load resource: net::ERR_BLOCKED_BY_RESPONSE.NotSameOrigin @ https://charts2.finviz.com/chart.ashx?t=AMD&ty=c&ta=1&p=d&s=l:0
[   13287ms] [ERROR] Failed to load resource: net::ERR_BLOCKED_BY_RESPONSE.NotSameOrigin @ https://charts2.finviz.com/chart.ashx?t=AVGO&ty=c&ta=1&p=d&s=l:0
[   13408ms] [ERROR] Failed to load resource: net::ERR_BLOCKED_BY_RESPONSE.NotSameOrigin @ https://charts2.finviz.com/chart.ashx?t=AVGO&ty=c&ta=1&p=d&s=l:0
[   13428ms] [ERROR] Failed to load resource: net::ERR_BLOCKED_BY_RESPONSE.NotSameOrigin @ https://charts2.finviz.com/chart.ashx?t=CRDO&ty=c&ta=1&p=d&s=l:0
[   13428ms] [ERROR] Failed to load resource: net::ERR_BLOCKED_BY_RESPONSE.NotSameOrigin @ https://charts2.finviz.com/chart.ashx?t=META&ty=c&ta=1&p=d&s=l:0
[   19691ms] [ERROR] Access to fetch at 'https://api.allorigins.win/get?url=https%3A%2F%2Fquery1.finance.yahoo.com%2Fv7%2Ffinance%2Fquote%3Fsymbols%3DAVGO%2CSMH%2CNVDA%2CJPM%26fields%3DregularMarketPrice%2CregularMarketChange%2CregularMarketChangePercent%2CregularMarketDayHigh%2CregularMarketDayLow%2CregularMarketVolume%2CregularMarketOpen%2CregularMarketPreviousClose' from origin 'http://localhost:8787' has been blocked by CORS policy: No 'Access-Control-Allow-Origin' header is present on the requested resource. @ http://localhost:8787/scanner/status/index.html:0
[   19691ms] [ERROR] Failed to load resource: net::ERR_FAILED @ https://api.allorigins.win/get?url=https%3A%2F%2Fquery1.finance.yahoo.com%2Fv7%2Ffinance%2Fquote%3Fsymbols%3DAVGO%2CSMH%2CNVDA%2CJPM%26fields%3DregularMarketPrice%2CregularMarketChange%2CregularMarketChangePercent%2CregularMarketDayHigh%2CregularMarketDayLow%2CregularMarketVolume%2CregularMarketOpen%2CregularMarketPreviousClose:0
[   19692ms] [WARNING] [LiveEngine] Initial fetch failed: TypeError: Failed to fetch
    at fetchInitialPrices (http://localhost:8787/assets/live-engine.js?v=1776520326341:413:5)
    at Object.init (http://localhost:8787/assets/live-engine.js?v=1776520326341:514:7)
    at http://localhost:8787/assets/live-engine-ui.js?v=1776520326341:1000:14 @ http://localhost:8787/assets/live-engine.js?v=1776520326341:436
[   20274ms] [LOG] [LiveEngine] Connected, subscribed to 4 tickers @ http://localhost:8787/assets/live-engine.js?v=1776520326341:124
