[     244ms] [ERROR] Failed to load resource: net::ERR_BLOCKED_BY_RESPONSE.NotSameOrigin @ https://charts2.finviz.com/chart.ashx?t=AVGO&ty=c&ta=1&p=d&s=l:0
[     244ms] [ERROR] Failed to load resource: net::ERR_BLOCKED_BY_RESPONSE.NotSameOrigin @ https://charts2.finviz.com/chart.ashx?t=MSFT&ty=c&ta=1&p=d&s=l:0
[     313ms] [ERROR] Failed to load resource: net::ERR_BLOCKED_BY_RESPONSE.NotSameOrigin @ https://charts2.finviz.com/chart.ashx?t=SMH&ty=c&ta=1&p=d&s=l:0
[     313ms] [ERROR] Failed to load resource: net::ERR_BLOCKED_BY_RESPONSE.NotSameOrigin @ https://charts2.finviz.com/chart.ashx?t=AMD&ty=c&ta=1&p=d&s=l:0
[     313ms] [ERROR] Failed to load resource: net::ERR_BLOCKED_BY_RESPONSE.NotSameOrigin @ https://charts2.finviz.com/chart.ashx?t=NVDA&ty=c&ta=1&p=d&s=l:0
[     313ms] [ERROR] Failed to load resource: net::ERR_BLOCKED_BY_RESPONSE.NotSameOrigin @ https://charts2.finviz.com/chart.ashx?t=JPM&ty=c&ta=1&p=d&s=l:0
[     313ms] [ERROR] Failed to load resource: net::ERR_BLOCKED_BY_RESPONSE.NotSameOrigin @ https://charts2.finviz.com/chart.ashx?t=MSFT&ty=c&ta=1&p=d&s=l:0
[     313ms] [ERROR] Failed to load resource: net::ERR_BLOCKED_BY_RESPONSE.NotSameOrigin @ https://charts2.finviz.com/chart.ashx?t=AVGO&ty=c&ta=1&p=d&s=l:0
[     519ms] [LOG] [LiveEngine] Initializing with 4 tickers: AVGO, SMH, NVDA, JPM @ http://localhost:8787/assets/live-engine.js?v=1776520326341:510
[     979ms] [LOG] [LiveEngine] Connected, subscribed to 4 tickers @ http://localhost:8787/assets/live-engine.js?v=1776520326341:124
[   15068ms] [ERROR] Failed to load resource: net::ERR_BLOCKED_BY_RESPONSE.NotSameOrigin @ https://charts2.finviz.com/chart.ashx?t=MSFT&ty=c&ta=1&p=d&s=l:0
[   15069ms] [ERROR] Failed to load resource: net::ERR_BLOCKED_BY_RESPONSE.NotSameOrigin @ https://charts2.finviz.com/chart.ashx?t=AMD&ty=c&ta=1&p=d&s=l:0
[   15069ms] [ERROR] Failed to load resource: net::ERR_BLOCKED_BY_RESPONSE.NotSameOrigin @ https://charts2.finviz.com/chart.ashx?t=AVGO&ty=c&ta=1&p=d&s=l:0
[   15198ms] [ERROR] Failed to load resource: net::ERR_BLOCKED_BY_RESPONSE.NotSameOrigin @ https://charts2.finviz.com/chart.ashx?t=XOM&ty=c&ta=1&p=d&s=l:0
[   15204ms] [ERROR] Failed to load resource: net::ERR_BLOCKED_BY_RESPONSE.NotSameOrigin @ https://charts2.finviz.com/chart.ashx?t=NAT&ty=c&ta=1&p=d&s=l:0
[   15205ms] [ERROR] Failed to load resource: net::ERR_BLOCKED_BY_RESPONSE.NotSameOrigin @ https://charts2.finviz.com/chart.ashx?t=AAOI&ty=c&ta=1&p=d&s=l:0
[   25877ms] [ERROR] Failed to load resource: net::ERR_BLOCKED_BY_RESPONSE.NotSameOrigin @ https://charts2.finviz.com/chart.ashx?t=MSFT&ty=c&ta=1&p=d&s=l:0
[   25878ms] [ERROR] Failed to load resource: net::ERR_BLOCKED_BY_RESPONSE.NotSameOrigin @ https://charts2.finviz.com/chart.ashx?t=AMD&ty=c&ta=1&p=d&s=l:0
[   25878ms] [ERROR] Failed to load resource: net::ERR_BLOCKED_BY_RESPONSE.NotSameOrigin @ https://charts2.finviz.com/chart.ashx?t=AVGO&ty=c&ta=1&p=d&s=l:0
[   26003ms] [ERROR] Failed to load resource: net::ERR_BLOCKED_BY_RESPONSE.NotSameOrigin @ https://charts2.finviz.com/chart.ashx?t=CRDO&ty=c&ta=1&p=d&s=l:0
[   26003ms] [ERROR] Failed to load resource: net::ERR_BLOCKED_BY_RESPONSE.NotSameOrigin @ https://charts2.finviz.com/chart.ashx?t=AVGO&ty=c&ta=1&p=d&s=l:0
[   26005ms] [ERROR] Failed to load resource: net::ERR_BLOCKED_BY_RESPONSE.NotSameOrigin @ https://charts2.finviz.com/chart.ashx?t=META&ty=c&ta=1&p=d&s=l:0
[   39277ms] [ERROR] Failed to load resource: net::ERR_BLOCKED_BY_RESPONSE.NotSameOrigin @ https://charts2.finviz.com/chart.ashx?t=MSFT&ty=c&ta=1&p=d&s=l:0
[   39290ms] [ERROR] Failed to load resource: net::ERR_BLOCKED_BY_RESPONSE.NotSameOrigin @ https://charts2.finviz.com/chart.ashx?t=AMD&ty=c&ta=1&p=d&s=l:0
[   39292ms] [ERROR] Failed to load resource: net::ERR_BLOCKED_BY_RESPONSE.NotSameOrigin @ https://charts2.finviz.com/chart.ashx?t=SMH&ty=c&ta=1&p=d&s=l:0
[   39293ms] [ERROR] Failed to load resource: net::ERR_BLOCKED_BY_RESPONSE.NotSameOrigin @ https://charts2.finviz.com/chart.ashx?t=AVGO&ty=c&ta=1&p=d&s=l:0
[   39293ms] [ERROR] Failed to load resource: net::ERR_BLOCKED_BY_RESPONSE.NotSameOrigin @ https://charts2.finviz.com/chart.ashx?t=JPM&ty=c&ta=1&p=d&s=l:0
[   39294ms] [ERROR] Failed to load resource: net::ERR_BLOCKED_BY_RESPONSE.NotSameOrigin @ https://charts2.finviz.com/chart.ashx?t=NVDA&ty=c&ta=1&p=d&s=l:0
