[      88ms] [ERROR] Failed to load resource: net::ERR_BLOCKED_BY_RESPONSE.NotSameOrigin @ https://charts2.finviz.com/chart.ashx?t=MSFT&ty=c&ta=1&p=d&s=l:0
[      88ms] [ERROR] Failed to load resource: net::ERR_BLOCKED_BY_RESPONSE.NotSameOrigin @ https://charts2.finviz.com/chart.ashx?t=AVGO&ty=c&ta=1&p=d&s=l:0
[     129ms] [ERROR] Failed to load resource: net::ERR_BLOCKED_BY_RESPONSE.NotSameOrigin @ https://charts2.finviz.com/chart.ashx?t=SMH&ty=c&ta=1&p=d&s=l:0
[     129ms] [ERROR] Failed to load resource: net::ERR_BLOCKED_BY_RESPONSE.NotSameOrigin @ https://charts2.finviz.com/chart.ashx?t=NVDA&ty=c&ta=1&p=d&s=l:0
[     129ms] [ERROR] Failed to load resource: net::ERR_BLOCKED_BY_RESPONSE.NotSameOrigin @ https://charts2.finviz.com/chart.ashx?t=AMD&ty=c&ta=1&p=d&s=l:0
[     129ms] [ERROR] Failed to load resource: net::ERR_BLOCKED_BY_RESPONSE.NotSameOrigin @ https://charts2.finviz.com/chart.ashx?t=JPM&ty=c&ta=1&p=d&s=l:0
[     129ms] [ERROR] Failed to load resource: net::ERR_BLOCKED_BY_RESPONSE.NotSameOrigin @ https://charts2.finviz.com/chart.ashx?t=MSFT&ty=c&ta=1&p=d&s=l:0
[     130ms] [ERROR] Failed to load resource: net::ERR_BLOCKED_BY_RESPONSE.NotSameOrigin @ https://charts2.finviz.com/chart.ashx?t=AVGO&ty=c&ta=1&p=d&s=l:0
[     296ms] [LOG] [LiveEngine] Initializing with 4 tickers: AVGO, SMH, NVDA, JPM @ http://localhost:8787/assets/live-engine.js?v=1776520326341:510
[    4139ms] [LOG] [LiveEngine] Connected, subscribed to 4 tickers @ http://localhost:8787/assets/live-engine.js?v=1776520326341:124
[    6768ms] [ERROR] Failed to load resource: net::ERR_BLOCKED_BY_RESPONSE.NotSameOrigin @ https://charts2.finviz.com/chart.ashx?t=MSFT&ty=c&ta=1&p=d&s=l:0
[    6768ms] [ERROR] Failed to load resource: net::ERR_BLOCKED_BY_RESPONSE.NotSameOrigin @ https://charts2.finviz.com/chart.ashx?t=AMD&ty=c&ta=1&p=d&s=l:0
[    6768ms] [ERROR] Failed to load resource: net::ERR_BLOCKED_BY_RESPONSE.NotSameOrigin @ https://charts2.finviz.com/chart.ashx?t=AVGO&ty=c&ta=1&p=d&s=l:0
[    6901ms] [ERROR] Failed to load resource: net::ERR_BLOCKED_BY_RESPONSE.NotSameOrigin @ https://charts2.finviz.com/chart.ashx?t=AVGO&ty=c&ta=1&p=d&s=l:0
[    6908ms] [ERROR] Failed to load resource: net::ERR_BLOCKED_BY_RESPONSE.NotSameOrigin @ https://charts2.finviz.com/chart.ashx?t=CRDO&ty=c&ta=1&p=d&s=l:0
[    6908ms] [ERROR] Failed to load resource: net::ERR_BLOCKED_BY_RESPONSE.NotSameOrigin @ https://charts2.finviz.com/chart.ashx?t=META&ty=c&ta=1&p=d&s=l:0
[   51363ms] [ERROR] Failed to load resource: net::ERR_BLOCKED_BY_RESPONSE.NotSameOrigin @ https://charts2.finviz.com/chart.ashx?t=AVGO&ty=c&ta=1&p=d&s=l:0
[   51363ms] [ERROR] Failed to load resource: net::ERR_BLOCKED_BY_RESPONSE.NotSameOrigin @ https://charts2.finviz.com/chart.ashx?t=MSFT&ty=c&ta=1&p=d&s=l:0
[   51381ms] [ERROR] Failed to load resource: net::ERR_BLOCKED_BY_RESPONSE.NotSameOrigin @ https://charts2.finviz.com/chart.ashx?t=SMH&ty=c&ta=1&p=d&s=l:0
[   51382ms] [ERROR] Failed to load resource: net::ERR_BLOCKED_BY_RESPONSE.NotSameOrigin @ https://charts2.finviz.com/chart.ashx?t=AMD&ty=c&ta=1&p=d&s=l:0
[   51382ms] [ERROR] Failed to load resource: net::ERR_BLOCKED_BY_RESPONSE.NotSameOrigin @ https://charts2.finviz.com/chart.ashx?t=JPM&ty=c&ta=1&p=d&s=l:0
[   51382ms] [ERROR] Failed to load resource: net::ERR_BLOCKED_BY_RESPONSE.NotSameOrigin @ https://charts2.finviz.com/chart.ashx?t=NVDA&ty=c&ta=1&p=d&s=l:0
[   51412ms] [ERROR] Failed to load resource: net::ERR_BLOCKED_BY_RESPONSE.NotSameOrigin @ https://charts2.finviz.com/chart.ashx?t=AVGO&ty=c&ta=1&p=d&s=l:0
[   51412ms] [ERROR] Failed to load resource: net::ERR_BLOCKED_BY_RESPONSE.NotSameOrigin @ https://charts2.finviz.com/chart.ashx?t=MSFT&ty=c&ta=1&p=d&s=l:0
[   51412ms] [ERROR] Failed to load resource: net::ERR_BLOCKED_BY_RESPONSE.NotSameOrigin @ https://charts2.finviz.com/chart.ashx?t=SMH&ty=c&ta=1&p=d&s=l:0
[   51810ms] [LOG] [LiveEngine] Initializing with 4 tickers: AVGO, SMH, NVDA, JPM @ http://localhost:8787/assets/live-engine.js?v=1776520326341:510
[   52155ms] [LOG] [LiveEngine] Connected, subscribed to 4 tickers @ http://localhost:8787/assets/live-engine.js?v=1776520326341:124
[   59025ms] [ERROR] Failed to load resource: net::ERR_BLOCKED_BY_RESPONSE.NotSameOrigin @ https://charts2.finviz.com/chart.ashx?t=MSFT&ty=c&ta=1&p=d&s=l:0
[   59025ms] [ERROR] Failed to load resource: net::ERR_BLOCKED_BY_RESPONSE.NotSameOrigin @ https://charts2.finviz.com/chart.ashx?t=AMD&ty=c&ta=1&p=d&s=l:0
[   59029ms] [ERROR] Failed to load resource: net::ERR_BLOCKED_BY_RESPONSE.NotSameOrigin @ https://charts2.finviz.com/chart.ashx?t=AVGO&ty=c&ta=1&p=d&s=l:0
[   59165ms] [ERROR] Failed to load resource: net::ERR_BLOCKED_BY_RESPONSE.NotSameOrigin @ https://charts2.finviz.com/chart.ashx?t=AVGO&ty=c&ta=1&p=d&s=l:0
[   59173ms] [ERROR] Failed to load resource: net::ERR_BLOCKED_BY_RESPONSE.NotSameOrigin @ https://charts2.finviz.com/chart.ashx?t=CRDO&ty=c&ta=1&p=d&s=l:0
[   59173ms] [ERROR] Failed to load resource: net::ERR_BLOCKED_BY_RESPONSE.NotSameOrigin @ https://charts2.finviz.com/chart.ashx?t=META&ty=c&ta=1&p=d&s=l:0
[   99397ms] [ERROR] Failed to load resource: net::ERR_BLOCKED_BY_RESPONSE.NotSameOrigin @ https://charts2.finviz.com/chart.ashx?t=MSFT&ty=c&ta=1&p=d&s=l:0
[   99397ms] [ERROR] Failed to load resource: net::ERR_BLOCKED_BY_RESPONSE.NotSameOrigin @ https://charts2.finviz.com/chart.ashx?t=AVGO&ty=c&ta=1&p=d&s=l:0
[   99436ms] [ERROR] Failed to load resource: net::ERR_BLOCKED_BY_RESPONSE.NotSameOrigin @ https://charts2.finviz.com/chart.ashx?t=SMH&ty=c&ta=1&p=d&s=l:0
[   99436ms] [ERROR] Failed to load resource: net::ERR_BLOCKED_BY_RESPONSE.NotSameOrigin @ https://charts2.finviz.com/chart.ashx?t=AMD&ty=c&ta=1&p=d&s=l:0
[   99436ms] [ERROR] Failed to load resource: net::ERR_BLOCKED_BY_RESPONSE.NotSameOrigin @ https://charts2.finviz.com/chart.ashx?t=NVDA&ty=c&ta=1&p=d&s=l:0
[   99436ms] [ERROR] Failed to load resource: net::ERR_BLOCKED_BY_RESPONSE.NotSameOrigin @ https://charts2.finviz.com/chart.ashx?t=JPM&ty=c&ta=1&p=d&s=l:0
[   99436ms] [ERROR] Failed to load resource: net::ERR_BLOCKED_BY_RESPONSE.NotSameOrigin @ https://charts2.finviz.com/chart.ashx?t=MSFT&ty=c&ta=1&p=d&s=l:0
[   99436ms] [ERROR] Failed to load resource: net::ERR_BLOCKED_BY_RESPONSE.NotSameOrigin @ https://charts2.finviz.com/chart.ashx?t=AVGO&ty=c&ta=1&p=d&s=l:0
[   99797ms] [LOG] [LiveEngine] Initializing with 4 tickers: AVGO, SMH, NVDA, JPM @ http://localhost:8787/assets/live-engine.js?v=1776520326341:510
[  100180ms] [LOG] [LiveEngine] Connected, subscribed to 4 tickers @ http://localhost:8787/assets/live-engine.js?v=1776520326341:124
[  108174ms] [ERROR] Failed to load resource: net::ERR_BLOCKED_BY_RESPONSE.NotSameOrigin @ https://charts2.finviz.com/chart.ashx?t=MSFT&ty=c&ta=1&p=d&s=l:0
[  108174ms] [ERROR] Failed to load resource: net::ERR_BLOCKED_BY_RESPONSE.NotSameOrigin @ https://charts2.finviz.com/chart.ashx?t=AMD&ty=c&ta=1&p=d&s=l:0
[  108174ms] [ERROR] Failed to load resource: net::ERR_BLOCKED_BY_RESPONSE.NotSameOrigin @ https://charts2.finviz.com/chart.ashx?t=AVGO&ty=c&ta=1&p=d&s=l:0
[  108314ms] [ERROR] Failed to load resource: net::ERR_BLOCKED_BY_RESPONSE.NotSameOrigin @ https://charts2.finviz.com/chart.ashx?t=AVGO&ty=c&ta=1&p=d&s=l:0
[  108314ms] [ERROR] Failed to load resource: net::ERR_BLOCKED_BY_RESPONSE.NotSameOrigin @ https://charts2.finviz.com/chart.ashx?t=CRDO&ty=c&ta=1&p=d&s=l:0
[  108314ms] [ERROR] Failed to load resource: net::ERR_BLOCKED_BY_RESPONSE.NotSameOrigin @ https://charts2.finviz.com/chart.ashx?t=META&ty=c&ta=1&p=d&s=l:0
[211146790ms] [LOG] [LiveEngine] Connected, subscribed to 4 tickers @ http://localhost:8787/assets/live-engine.js?v=1776520326341:124
[220809946ms] [LOG] [LiveEngine] Connected, subscribed to 4 tickers @ http://localhost:8787/assets/live-engine.js?v=1776520326341:124
